// Jest Snapshot v1, https://goo.gl/fbAQLP

exports[`HideButtonComponent should match snapshot 1`] = `
HideButtonComponent {
  "showForm": EventEmitter_ {
    "__isAsync": false,
    "_isScalar": false,
    "closed": false,
    "emit": [MockFunction],
    "hasError": false,
    "isStopped": false,
    "observers": Array [],
    "thrownError": null,
  },
}
`;
