// Jest Snapshot v1, https://goo.gl/fbAQLP

exports[`bestQuoteComponent should match snapshot 1`] = `
BestQuoteComponent {
  "bestQuote$": Observable {
    "_isScalar": false,
    "operator": MapOperator {
      "project": [Function],
      "thisArg": undefined,
    },
    "source": Observable {
      "_isScalar": false,
      "source": BehaviorSubject {
        "_isScalar": false,
        "_value": Array [
          Object {
            "author": "bardzo",
            "id": 0,
            "quotation": "asddasdasads adsasd a dsads  a ddsa asd.",
            "rate": -3,
          },
          Object {
            "author": "madry",
            "id": 1,
            "quotation": "AEDRFDHSRHTSHDERTaSER EAWGAERWEWF WEEF.",
            "rate": 3,
          },
          Object {
            "author": "autor",
            "id": 2,
            "quotation": "039284120934 012 4012981284 0914 29810 928.",
            "rate": 4,
          },
          Object {
            "author": "asgwfewefwd",
            "id": 3,
            "quotation": "9832 jhfp934h4r2  309 r48h23  984rh3  q98 4rhq329r3h4r98 h23r908q2h3r98h98h.",
            "rate": -5,
          },
        ],
        "closed": false,
        "hasError": false,
        "isStopped": false,
        "observers": Array [
          MapSubscriber {
            "_parentOrParents": Subscriber {
              "_parentOrParents": null,
              "_subscriptions": Array [
                [Circular],
              ],
              "closed": false,
              "destination": SafeSubscriber {
                "_complete": undefined,
                "_context": Object {
                  "unsubscribe": [Function],
                },
                "_error": [Function],
                "_next": [Function],
                "_parentOrParents": null,
                "_parentSubscriber": [Circular],
                "_subscriptions": null,
                "closed": false,
                "destination": Object {
                  "closed": true,
                  "complete": [Function],
                  "error": [Function],
                  "next": [Function],
                },
                "isStopped": false,
                "syncErrorThrowable": false,
                "syncErrorThrown": false,
                "syncErrorValue": null,
              },
              "isStopped": false,
              "syncErrorThrowable": true,
              "syncErrorThrown": false,
              "syncErrorValue": null,
            },
            "_subscriptions": Array [
              SubjectSubscription {
                "_parentOrParents": [Circular],
                "_subscriptions": null,
                "closed": false,
                "subject": [Circular],
                "subscriber": [Circular],
              },
            ],
            "closed": false,
            "count": 1,
            "destination": Subscriber {
              "_parentOrParents": null,
              "_subscriptions": Array [
                [Circular],
              ],
              "closed": false,
              "destination": SafeSubscriber {
                "_complete": undefined,
                "_context": Object {
                  "unsubscribe": [Function],
                },
                "_error": [Function],
                "_next": [Function],
                "_parentOrParents": null,
                "_parentSubscriber": [Circular],
                "_subscriptions": null,
                "closed": false,
                "destination": Object {
                  "closed": true,
                  "complete": [Function],
                  "error": [Function],
                  "next": [Function],
                },
                "isStopped": false,
                "syncErrorThrowable": false,
                "syncErrorThrown": false,
                "syncErrorValue": null,
              },
              "isStopped": false,
              "syncErrorThrowable": true,
              "syncErrorThrown": false,
              "syncErrorValue": null,
            },
            "isStopped": false,
            "project": [Function],
            "syncErrorThrowable": true,
            "syncErrorThrown": false,
            "syncErrorValue": null,
            "thisArg": [Circular],
          },
        ],
        "thrownError": null,
      },
    },
  },
  "quotesService": QuotesService {
    "_quotes": BehaviorSubject {
      "_isScalar": false,
      "_value": Array [
        Object {
          "author": "bardzo",
          "id": 0,
          "quotation": "asddasdasads adsasd a dsads  a ddsa asd.",
          "rate": -3,
        },
        Object {
          "author": "madry",
          "id": 1,
          "quotation": "AEDRFDHSRHTSHDERTaSER EAWGAERWEWF WEEF.",
          "rate": 3,
        },
        Object {
          "author": "autor",
          "id": 2,
          "quotation": "039284120934 012 4012981284 0914 29810 928.",
          "rate": 4,
        },
        Object {
          "author": "asgwfewefwd",
          "id": 3,
          "quotation": "9832 jhfp934h4r2  309 r48h23  984rh3  q98 4rhq329r3h4r98 h23r908q2h3r98h98h.",
          "rate": -5,
        },
      ],
      "closed": false,
      "hasError": false,
      "isStopped": false,
      "observers": Array [
        MapSubscriber {
          "_parentOrParents": Subscriber {
            "_parentOrParents": null,
            "_subscriptions": Array [
              [Circular],
            ],
            "closed": false,
            "destination": SafeSubscriber {
              "_complete": undefined,
              "_context": Object {
                "unsubscribe": [Function],
              },
              "_error": [Function],
              "_next": [Function],
              "_parentOrParents": null,
              "_parentSubscriber": [Circular],
              "_subscriptions": null,
              "closed": false,
              "destination": Object {
                "closed": true,
                "complete": [Function],
                "error": [Function],
                "next": [Function],
              },
              "isStopped": false,
              "syncErrorThrowable": false,
              "syncErrorThrown": false,
              "syncErrorValue": null,
            },
            "isStopped": false,
            "syncErrorThrowable": true,
            "syncErrorThrown": false,
            "syncErrorValue": null,
          },
          "_subscriptions": Array [
            SubjectSubscription {
              "_parentOrParents": [Circular],
              "_subscriptions": null,
              "closed": false,
              "subject": [Circular],
              "subscriber": [Circular],
            },
          ],
          "closed": false,
          "count": 1,
          "destination": Subscriber {
            "_parentOrParents": null,
            "_subscriptions": Array [
              [Circular],
            ],
            "closed": false,
            "destination": SafeSubscriber {
              "_complete": undefined,
              "_context": Object {
                "unsubscribe": [Function],
              },
              "_error": [Function],
              "_next": [Function],
              "_parentOrParents": null,
              "_parentSubscriber": [Circular],
              "_subscriptions": null,
              "closed": false,
              "destination": Object {
                "closed": true,
                "complete": [Function],
                "error": [Function],
                "next": [Function],
              },
              "isStopped": false,
              "syncErrorThrowable": false,
              "syncErrorThrown": false,
              "syncErrorValue": null,
            },
            "isStopped": false,
            "syncErrorThrowable": true,
            "syncErrorThrown": false,
            "syncErrorValue": null,
          },
          "isStopped": false,
          "project": [Function],
          "syncErrorThrowable": true,
          "syncErrorThrown": false,
          "syncErrorValue": null,
          "thisArg": [Circular],
        },
      ],
      "thrownError": null,
    },
    "bestQuote$": Observable {
      "_isScalar": false,
      "operator": MapOperator {
        "project": [Function],
        "thisArg": undefined,
      },
      "source": Observable {
        "_isScalar": false,
        "source": BehaviorSubject {
          "_isScalar": false,
          "_value": Array [
            Object {
              "author": "bardzo",
              "id": 0,
              "quotation": "asddasdasads adsasd a dsads  a ddsa asd.",
              "rate": -3,
            },
            Object {
              "author": "madry",
              "id": 1,
              "quotation": "AEDRFDHSRHTSHDERTaSER EAWGAERWEWF WEEF.",
              "rate": 3,
            },
            Object {
              "author": "autor",
              "id": 2,
              "quotation": "039284120934 012 4012981284 0914 29810 928.",
              "rate": 4,
            },
            Object {
              "author": "asgwfewefwd",
              "id": 3,
              "quotation": "9832 jhfp934h4r2  309 r48h23  984rh3  q98 4rhq329r3h4r98 h23r908q2h3r98h98h.",
              "rate": -5,
            },
          ],
          "closed": false,
          "hasError": false,
          "isStopped": false,
          "observers": Array [
            MapSubscriber {
              "_parentOrParents": Subscriber {
                "_parentOrParents": null,
                "_subscriptions": Array [
                  [Circular],
                ],
                "closed": false,
                "destination": SafeSubscriber {
                  "_complete": undefined,
                  "_context": Object {
                    "unsubscribe": [Function],
                  },
                  "_error": [Function],
                  "_next": [Function],
                  "_parentOrParents": null,
                  "_parentSubscriber": [Circular],
                  "_subscriptions": null,
                  "closed": false,
                  "destination": Object {
                    "closed": true,
                    "complete": [Function],
                    "error": [Function],
                    "next": [Function],
                  },
                  "isStopped": false,
                  "syncErrorThrowable": false,
                  "syncErrorThrown": false,
                  "syncErrorValue": null,
                },
                "isStopped": false,
                "syncErrorThrowable": true,
                "syncErrorThrown": false,
                "syncErrorValue": null,
              },
              "_subscriptions": Array [
                SubjectSubscription {
                  "_parentOrParents": [Circular],
                  "_subscriptions": null,
                  "closed": false,
                  "subject": [Circular],
                  "subscriber": [Circular],
                },
              ],
              "closed": false,
              "count": 1,
              "destination": Subscriber {
                "_parentOrParents": null,
                "_subscriptions": Array [
                  [Circular],
                ],
                "closed": false,
                "destination": SafeSubscriber {
                  "_complete": undefined,
                  "_context": Object {
                    "unsubscribe": [Function],
                  },
                  "_error": [Function],
                  "_next": [Function],
                  "_parentOrParents": null,
                  "_parentSubscriber": [Circular],
                  "_subscriptions": null,
                  "closed": false,
                  "destination": Object {
                    "closed": true,
                    "complete": [Function],
                    "error": [Function],
                    "next": [Function],
                  },
                  "isStopped": false,
                  "syncErrorThrowable": false,
                  "syncErrorThrown": false,
                  "syncErrorValue": null,
                },
                "isStopped": false,
                "syncErrorThrowable": true,
                "syncErrorThrown": false,
                "syncErrorValue": null,
              },
              "isStopped": false,
              "project": [Function],
              "syncErrorThrowable": true,
              "syncErrorThrown": false,
              "syncErrorValue": null,
              "thisArg": [Circular],
            },
          ],
          "thrownError": null,
        },
      },
    },
    "quotes": Array [
      Object {
        "author": "bardzo",
        "id": 0,
        "quotation": "asddasdasads adsasd a dsads  a ddsa asd.",
        "rate": -3,
      },
      Object {
        "author": "madry",
        "id": 1,
        "quotation": "AEDRFDHSRHTSHDERTaSER EAWGAERWEWF WEEF.",
        "rate": 3,
      },
      Object {
        "author": "autor",
        "id": 2,
        "quotation": "039284120934 012 4012981284 0914 29810 928.",
        "rate": 4,
      },
      Object {
        "author": "asgwfewefwd",
        "id": 3,
        "quotation": "9832 jhfp934h4r2  309 r48h23  984rh3  q98 4rhq329r3h4r98 h23r908q2h3r98h98h.",
        "rate": -5,
      },
    ],
    "quotes$": Observable {
      "_isScalar": false,
      "source": BehaviorSubject {
        "_isScalar": false,
        "_value": Array [
          Object {
            "author": "bardzo",
            "id": 0,
            "quotation": "asddasdasads adsasd a dsads  a ddsa asd.",
            "rate": -3,
          },
          Object {
            "author": "madry",
            "id": 1,
            "quotation": "AEDRFDHSRHTSHDERTaSER EAWGAERWEWF WEEF.",
            "rate": 3,
          },
          Object {
            "author": "autor",
            "id": 2,
            "quotation": "039284120934 012 4012981284 0914 29810 928.",
            "rate": 4,
          },
          Object {
            "author": "asgwfewefwd",
            "id": 3,
            "quotation": "9832 jhfp934h4r2  309 r48h23  984rh3  q98 4rhq329r3h4r98 h23r908q2h3r98h98h.",
            "rate": -5,
          },
        ],
        "closed": false,
        "hasError": false,
        "isStopped": false,
        "observers": Array [
          MapSubscriber {
            "_parentOrParents": Subscriber {
              "_parentOrParents": null,
              "_subscriptions": Array [
                [Circular],
              ],
              "closed": false,
              "destination": SafeSubscriber {
                "_complete": undefined,
                "_context": Object {
                  "unsubscribe": [Function],
                },
                "_error": [Function],
                "_next": [Function],
                "_parentOrParents": null,
                "_parentSubscriber": [Circular],
                "_subscriptions": null,
                "closed": false,
                "destination": Object {
                  "closed": true,
                  "complete": [Function],
                  "error": [Function],
                  "next": [Function],
                },
                "isStopped": false,
                "syncErrorThrowable": false,
                "syncErrorThrown": false,
                "syncErrorValue": null,
              },
              "isStopped": false,
              "syncErrorThrowable": true,
              "syncErrorThrown": false,
              "syncErrorValue": null,
            },
            "_subscriptions": Array [
              SubjectSubscription {
                "_parentOrParents": [Circular],
                "_subscriptions": null,
                "closed": false,
                "subject": [Circular],
                "subscriber": [Circular],
              },
            ],
            "closed": false,
            "count": 1,
            "destination": Subscriber {
              "_parentOrParents": null,
              "_subscriptions": Array [
                [Circular],
              ],
              "closed": false,
              "destination": SafeSubscriber {
                "_complete": undefined,
                "_context": Object {
                  "unsubscribe": [Function],
                },
                "_error": [Function],
                "_next": [Function],
                "_parentOrParents": null,
                "_parentSubscriber": [Circular],
                "_subscriptions": null,
                "closed": false,
                "destination": Object {
                  "closed": true,
                  "complete": [Function],
                  "error": [Function],
                  "next": [Function],
                },
                "isStopped": false,
                "syncErrorThrowable": false,
                "syncErrorThrown": false,
                "syncErrorValue": null,
              },
              "isStopped": false,
              "syncErrorThrowable": true,
              "syncErrorThrown": false,
              "syncErrorValue": null,
            },
            "isStopped": false,
            "project": [Function],
            "syncErrorThrowable": true,
            "syncErrorThrown": false,
            "syncErrorValue": null,
            "thisArg": [Circular],
          },
        ],
        "thrownError": null,
      },
    },
    "worstQuotes$": Observable {
      "_isScalar": false,
      "operator": MapOperator {
        "project": [Function],
        "thisArg": undefined,
      },
      "source": Observable {
        "_isScalar": false,
        "source": BehaviorSubject {
          "_isScalar": false,
          "_value": Array [
            Object {
              "author": "bardzo",
              "id": 0,
              "quotation": "asddasdasads adsasd a dsads  a ddsa asd.",
              "rate": -3,
            },
            Object {
              "author": "madry",
              "id": 1,
              "quotation": "AEDRFDHSRHTSHDERTaSER EAWGAERWEWF WEEF.",
              "rate": 3,
            },
            Object {
              "author": "autor",
              "id": 2,
              "quotation": "039284120934 012 4012981284 0914 29810 928.",
              "rate": 4,
            },
            Object {
              "author": "asgwfewefwd",
              "id": 3,
              "quotation": "9832 jhfp934h4r2  309 r48h23  984rh3  q98 4rhq329r3h4r98 h23r908q2h3r98h98h.",
              "rate": -5,
            },
          ],
          "closed": false,
          "hasError": false,
          "isStopped": false,
          "observers": Array [
            MapSubscriber {
              "_parentOrParents": Subscriber {
                "_parentOrParents": null,
                "_subscriptions": Array [
                  [Circular],
                ],
                "closed": false,
                "destination": SafeSubscriber {
                  "_complete": undefined,
                  "_context": Object {
                    "unsubscribe": [Function],
                  },
                  "_error": [Function],
                  "_next": [Function],
                  "_parentOrParents": null,
                  "_parentSubscriber": [Circular],
                  "_subscriptions": null,
                  "closed": false,
                  "destination": Object {
                    "closed": true,
                    "complete": [Function],
                    "error": [Function],
                    "next": [Function],
                  },
                  "isStopped": false,
                  "syncErrorThrowable": false,
                  "syncErrorThrown": false,
                  "syncErrorValue": null,
                },
                "isStopped": false,
                "syncErrorThrowable": true,
                "syncErrorThrown": false,
                "syncErrorValue": null,
              },
              "_subscriptions": Array [
                SubjectSubscription {
                  "_parentOrParents": [Circular],
                  "_subscriptions": null,
                  "closed": false,
                  "subject": [Circular],
                  "subscriber": [Circular],
                },
              ],
              "closed": false,
              "count": 1,
              "destination": Subscriber {
                "_parentOrParents": null,
                "_subscriptions": Array [
                  [Circular],
                ],
                "closed": false,
                "destination": SafeSubscriber {
                  "_complete": undefined,
                  "_context": Object {
                    "unsubscribe": [Function],
                  },
                  "_error": [Function],
                  "_next": [Function],
                  "_parentOrParents": null,
                  "_parentSubscriber": [Circular],
                  "_subscriptions": null,
                  "closed": false,
                  "destination": Object {
                    "closed": true,
                    "complete": [Function],
                    "error": [Function],
                    "next": [Function],
                  },
                  "isStopped": false,
                  "syncErrorThrowable": false,
                  "syncErrorThrown": false,
                  "syncErrorValue": null,
                },
                "isStopped": false,
                "syncErrorThrowable": true,
                "syncErrorThrown": false,
                "syncErrorValue": null,
              },
              "isStopped": false,
              "project": [Function],
              "syncErrorThrowable": true,
              "syncErrorThrown": false,
              "syncErrorValue": null,
              "thisArg": [Circular],
            },
          ],
          "thrownError": null,
        },
      },
    },
  },
}
`;
